// Jest Snapshot v1, https://goo.gl/fbAQLP

exports[`with config folder logger 1`] = `3`;

exports[`without config folder without config 1`] = `0`;
