// Jest Snapshot v1, https://goo.gl/fbAQLP

exports[`ErrorConfig 1`] = `
Object {
  "header": Object {
    "connection": "close",
    "content-length": "5",
    "content-type": "text/html; charset=utf-8",
    "etag": "W/\\"5-EflXjQXm97tYo83QAQfp9OOIJnE\\"",
  },
  "req": Object {
    "data": undefined,
    "headers": Object {},
    "method": "GET",
  },
  "status": 500,
  "text": "error",
}
`;

exports[`ErrorConfig 2`] = `"e"`;

exports[`ErrorConfig order 1`] = `
Object {
  "header": Object {
    "connection": "close",
    "content-length": "5",
    "content-type": "text/html; charset=utf-8",
    "etag": "W/\\"5-EflXjQXm97tYo83QAQfp9OOIJnE\\"",
  },
  "req": Object {
    "data": undefined,
    "headers": Object {},
    "method": "GET",
  },
  "status": 500,
  "text": "error",
}
`;

exports[`ErrorConfig order 2`] = `"de"`;
