// Jest Snapshot v1, https://goo.gl/fbAQLP

exports[`with function return promise 1`] = `"ok"`;

exports[`with function return value 1`] = `"ok"`;

exports[`with generator function 1`] = `"ok"`;

exports[`with observable function 1`] = `"ok"`;
