// Jest Snapshot v1, https://goo.gl/fbAQLP

exports[`Inject container Inject Container does not break @Value 1`] = `
Conf {
  "hostname": "localhost",
  "rootPath": "/",
}
`;

exports[`Inject container Inject Container test 1`] = `Conf {}`;
