// Jest Snapshot v1, https://goo.gl/fbAQLP

exports[`params decorators should add parameter metadata to a class when decorated with @params 1`] = `
Map {
  "test" => Array [
    Object {
      "index": 0,
      "parameterName": "id",
      "type": 4,
    },
    Object {
      "index": 1,
      "parameterName": "cat",
      "type": 5,
    },
    Object {
      "index": 2,
      "parameterName": "**$$DEFAULT_PARAM_VALUE$$**",
      "type": 2,
    },
    Object {
      "index": 3,
      "parameterName": "**$$DEFAULT_PARAM_VALUE$$**",
      "type": 3,
    },
  ],
  "test2" => Array [
    Object {
      "index": 0,
      "parameterName": "dog",
      "type": 6,
    },
  ],
  "test3" => Array [
    Object {
      "index": 0,
      "parameterName": "Auth",
      "type": 7,
    },
    Object {
      "index": 1,
      "parameterName": "**$$DEFAULT_PARAM_VALUE$$**",
      "type": 8,
    },
    Object {
      "index": 2,
      "parameterName": "**$$DEFAULT_PARAM_VALUE$$**",
      "type": 9,
    },
  ],
}
`;
