// Jest Snapshot v1, https://goo.gl/fbAQLP

exports[`Errors with bad config 1`] = `[Error: Error for 'application.mongoose' value{"isJoi":true,"name":"ValidationError","details":[{"message":"/"value/" must be an object","path":[],"type":"object.base","context":{"value":"bad","label":"value"}},{"message":"/"value/" must be an array","path":[],"type":"array.base","context":{"label":"value"}}],"_object":"bad"}]`;

exports[`Errors without config folder 1`] = `[MongoConfigIsMandatoryError: mongooseConfiguration is mandatory.]`;

exports[`must fail when MUnit not found 1`] = `[MongoMUnitNotFoundError: MUnit bad not found]`;

exports[`must fail when getConnection not found 1`] = `"Connection notfound not found"`;

exports[`with config 2 database 1`] = `Array []`;

exports[`with config 2 database 2`] = `"test"`;

exports[`with config 2 database 3`] = `Array []`;

exports[`with config 2 database 4`] = `"test hero"`;

exports[`with config uri 1`] = `Array []`;

exports[`with config uri 2`] = `"test"`;

exports[`with one connection with name and entity without munit 1`] = `Array []`;

exports[`with one connection with name and entity without munit 2`] = `"testoneconnection"`;
